Use CONNECT or CREATE DATABASE to specify a database
SQL> CON> SQL> SQL> set term go;
SQL> CON> CON> CON> CON> CON> create procedure abc RETURNS( x varchar(2)) as
begin
  x = 'Q';
  SUSPEND;
end
go
SQL> CON> CON> CON> CON> CON> create procedure ABC RETURNS( x varchar(2)) as
begin
  x = 'Q';
  SUSPEND;
end
go
Statement failed, SQLCODE = -607

unsuccessful metadata update
-Procedure ABC already exists
SQL> SQL> set term ; go
SQL> show proc;
Procedure Name                    Dependency, Type
================================= ======================================
ABC                               
SQL> SQL> 
