Database:  sp1.gdb
SQL> SQL> CON> CON> CON> CON> CON> SQL> CON> CON> CON> CON> CON> SQL> CON> CON> CON> CON> CON> SQL> CON> CON> CON> CON> CON> SQL> CON> CON> CON> CON> CON> SQL> CON> CON> CON> CON> CON> SQL> CON> CON> CON> CON> CON> SQL> CON> CON> CON> CON> SQL> CON> CON> CON> CON> CON> SQL> CON> CON> CON> CON> SQL> SQL> CON> SQL> SQL> 
      B 
======= 
     50 

SQL> Statement failed, SQLCODE = -413

conversion error from string "abc       "
SQL> 
           B 
============ 
       10000 

SQL> Statement failed, SQLCODE = -413

conversion error from string "abc       "
SQL> 
             B 
============== 
     10000.000 

SQL> Statement failed, SQLCODE = -413

conversion error from string "abc       "
SQL> 
                      B 
======================= 
      10000.00000000000 

SQL> Statement failed, SQLCODE = -413

conversion error from string "abc       "
SQL> 
           B 
============ 
    10000.00 

SQL> Statement failed, SQLCODE = -413

conversion error from string "abc       "
SQL> 
          B 
=========== 
1992-03-12  

SQL> Statement failed, SQLCODE = -413

conversion error from string "abc       "
SQL> Statement failed, SQLCODE = -104

Dynamic SQL Error
-SQL error code = -104
-Token unknown - line 1, char 25
-abc
SQL> Statement failed, SQLCODE = -413

conversion error from string "100       "
SQL> 
           B 
============ 
      100.00 

SQL> Statement failed, SQLCODE = -413

conversion error from string "abc       "
SQL> 
B          
========== 
100        

SQL> 
B          
========== 
abc        

SQL> 
B          
========== 
100        

SQL> 
B          
========== 
abc        

SQL> 