Database:  /usr/src/ib_test/sp1.gdb
SQL> set term go;
SQL> CON> CON> CON> CON> CON> create procedure cast1(a decimal(5,2)) RETURNS (b smallint) as
begin
    b = a/2;
    SUSPEND;
end
go
SQL> CON> CON> CON> CON> CON> create procedure cast2(a decimal(5,2)) RETURNS (b integer) as
begin
    b = a * 100;
    SUSPEND;
end
go
SQL> CON> CON> CON> CON> CON> create procedure cast3(a decimal(5,2)) RETURNS (b float) as
begin
    b = a * 100;
    SUSPEND;
end
go
SQL> CON> CON> CON> CON> CON> create procedure cast4(a decimal(5,2)) RETURNS (b double precision) as
begin
    b = a * 100;
    SUSPEND;
end
go
SQL> CON> CON> CON> CON> CON> create procedure cast5(a decimal(5,2)) RETURNS (b decimal(5,2)) as
begin
    b = a * 100;
    SUSPEND;
end
go
SQL> CON> CON> CON> CON> CON> create procedure cast6(a decimal(10,0)) RETURNS (b date) as
begin
    b = a;
    SUSPEND;
end
go
SQL> CON> CON> CON> CON> CON> create procedure cast7(a decimal(5,2)) RETURNS (b numeric(5,2)) as
begin
    b = a;
    SUSPEND;
end
go
SQL> CON> CON> CON> CON> CON> create procedure cast8(a decimal(5,2)) RETURNS (b char(10)) as
begin
    b = a;
    SUSPEND;
end
go
SQL> CON> CON> CON> CON> CON> create procedure cast9(a decimal(5,2)) RETURNS (b varchar(10)) as
 begin
   b = a;
   SUSPEND;
 end
go
SQL> SQL> CON> commit
go
SQL> set term ; go
SQL> execute procedure cast1 100.98;

      B 
======= 
     50 

SQL> execute procedure cast2 100.98;

           B 
============ 
       10098 

SQL> execute procedure cast3 100.98;

             B 
============== 
     10098.000 

SQL> execute procedure cast4 100.98;

                      B 
======================= 
      10098.00000000000 

SQL> execute procedure cast5 100.98;

           B 
============ 
    10098.00 

SQL> execute procedure cast6 100.98;
Statement failed, SQLCODE = -413

conversion error from string "101"
SQL> execute procedure cast7 100.98;

           B 
============ 
      100.98 

SQL> execute procedure cast8 100.98;

B          
========== 
100.98     

SQL> execute procedure cast9 100.98;

B          
========== 
100.98     

SQL> exit;
